H1L1V1-BANK2HDF-1186740100-3400.hdf /home/kkacanja/pycbc/examples/search/output_shared/bank/H1L1V1-BANK2HDF-1186740100-3400.hdf pool="local"
H1L1V1-PLOT_BANK-1186740100-3400.png /home/kkacanja/pycbc/examples/search/output_shared/results/5._background_triggers/H1L1V1-PLOT_BANK-1186740100-3400.png pool="local"
H1-HDF_TRIGGER_MERGE_FULL_DATA-1186740100-3400.hdf /home/kkacanja/pycbc/examples/search/output_shared/full_data/H1-HDF_TRIGGER_MERGE_FULL_DATA-1186740100-3400.hdf pool="local"
L1-HDF_TRIGGER_MERGE_FULL_DATA-1186740100-3400.hdf /home/kkacanja/pycbc/examples/search/output_shared/full_data/L1-HDF_TRIGGER_MERGE_FULL_DATA-1186740100-3400.hdf pool="local"
V1-HDF_TRIGGER_MERGE_FULL_DATA-1186740100-3400.hdf /home/kkacanja/pycbc/examples/search/output_shared/full_data/V1-HDF_TRIGGER_MERGE_FULL_DATA-1186740100-3400.hdf pool="local"
H1-FIT_BY_TEMPLATE_FULL_DATA-1186740100-3400.hdf /home/kkacanja/pycbc/examples/search/output_shared/full_data/H1-FIT_BY_TEMPLATE_FULL_DATA-1186740100-3400.hdf pool="local"
H1-FIT_OVER_PARAM_FULL_DATA-1186740100-3400.hdf /home/kkacanja/pycbc/examples/search/output_shared/full_data/H1-FIT_OVER_PARAM_FULL_DATA-1186740100-3400.hdf pool="local"
L1-FIT_BY_TEMPLATE_FULL_DATA-1186740100-3400.hdf /home/kkacanja/pycbc/examples/search/output_shared/full_data/L1-FIT_BY_TEMPLATE_FULL_DATA-1186740100-3400.hdf pool="local"
L1-FIT_OVER_PARAM_FULL_DATA-1186740100-3400.hdf /home/kkacanja/pycbc/examples/search/output_shared/full_data/L1-FIT_OVER_PARAM_FULL_DATA-1186740100-3400.hdf pool="local"
V1-FIT_BY_TEMPLATE_FULL_DATA-1186740100-3400.hdf /home/kkacanja/pycbc/examples/search/output_shared/full_data/V1-FIT_BY_TEMPLATE_FULL_DATA-1186740100-3400.hdf pool="local"
V1-FIT_OVER_PARAM_FULL_DATA-1186740100-3400.hdf /home/kkacanja/pycbc/examples/search/output_shared/full_data/V1-FIT_OVER_PARAM_FULL_DATA-1186740100-3400.hdf pool="local"
L1V1-STATMAP_FULL_DATA_2DET-1186740100-3400.hdf /home/kkacanja/pycbc/examples/search/output_shared/full_data/L1V1-STATMAP_FULL_DATA_2DET-1186740100-3400.hdf pool="local"
H1V1-STATMAP_FULL_DATA_2DET-1186740100-3400.hdf /home/kkacanja/pycbc/examples/search/output_shared/full_data/H1V1-STATMAP_FULL_DATA_2DET-1186740100-3400.hdf pool="local"
H1L1-STATMAP_FULL_DATA_2DET-1186740100-3400.hdf /home/kkacanja/pycbc/examples/search/output_shared/full_data/H1L1-STATMAP_FULL_DATA_2DET-1186740100-3400.hdf pool="local"
H1L1V1-STATMAP_FULL_DATA_3DET-1186740100-3400.hdf /home/kkacanja/pycbc/examples/search/output_shared/full_data/H1L1V1-STATMAP_FULL_DATA_3DET-1186740100-3400.hdf pool="local"
V1-SNGLS_STATMAP_FULL_DATA_1DET-1186740100-3400.hdf /home/kkacanja/pycbc/examples/search/output_shared/full_data/V1-SNGLS_STATMAP_FULL_DATA_1DET-1186740100-3400.hdf pool="local"
L1-SNGLS_STATMAP_FULL_DATA_1DET-1186740100-3400.hdf /home/kkacanja/pycbc/examples/search/output_shared/full_data/L1-SNGLS_STATMAP_FULL_DATA_1DET-1186740100-3400.hdf pool="local"
H1-SNGLS_STATMAP_FULL_DATA_1DET-1186740100-3400.hdf /home/kkacanja/pycbc/examples/search/output_shared/full_data/H1-SNGLS_STATMAP_FULL_DATA_1DET-1186740100-3400.hdf pool="local"
L1V1-EXCLUDE_ZEROLAG_FULL_DATA_2DET-1186740100-3400.hdf /home/kkacanja/pycbc/examples/search/output_shared/full_data/L1V1-EXCLUDE_ZEROLAG_FULL_DATA_2DET-1186740100-3400.hdf pool="local"
H1V1-EXCLUDE_ZEROLAG_FULL_DATA_2DET-1186740100-3400.hdf /home/kkacanja/pycbc/examples/search/output_shared/full_data/H1V1-EXCLUDE_ZEROLAG_FULL_DATA_2DET-1186740100-3400.hdf pool="local"
H1L1-EXCLUDE_ZEROLAG_FULL_DATA_2DET-1186740100-3400.hdf /home/kkacanja/pycbc/examples/search/output_shared/full_data/H1L1-EXCLUDE_ZEROLAG_FULL_DATA_2DET-1186740100-3400.hdf pool="local"
H1L1V1-EXCLUDE_ZEROLAG_FULL_DATA_3DET-1186740100-3400.hdf /home/kkacanja/pycbc/examples/search/output_shared/full_data/H1L1V1-EXCLUDE_ZEROLAG_FULL_DATA_3DET-1186740100-3400.hdf pool="local"
V1-EXCLUDE_ZEROLAG_FULL_DATA_1DET-1186740100-3400.hdf /home/kkacanja/pycbc/examples/search/output_shared/full_data/V1-EXCLUDE_ZEROLAG_FULL_DATA_1DET-1186740100-3400.hdf pool="local"
L1-EXCLUDE_ZEROLAG_FULL_DATA_1DET-1186740100-3400.hdf /home/kkacanja/pycbc/examples/search/output_shared/full_data/L1-EXCLUDE_ZEROLAG_FULL_DATA_1DET-1186740100-3400.hdf pool="local"
H1-EXCLUDE_ZEROLAG_FULL_DATA_1DET-1186740100-3400.hdf /home/kkacanja/pycbc/examples/search/output_shared/full_data/H1-EXCLUDE_ZEROLAG_FULL_DATA_1DET-1186740100-3400.hdf pool="local"
H1L1V1-COMBINE_STATMAP_FULL_DATA-1186740100-3400.hdf /home/kkacanja/pycbc/examples/search/output_shared/full_data/H1L1V1-COMBINE_STATMAP_FULL_DATA-1186740100-3400.hdf pool="local"
H1L1V1-FOREGROUND_CENSOR-1186740100-3400.xml /home/kkacanja/pycbc/examples/search/output_shared/segments/H1L1V1-FOREGROUND_CENSOR-1186740100-3400.xml pool="local"
H1L1V1-PLOT_SPECTRUM-1186740100-3400.png /home/kkacanja/pycbc/examples/search/output_shared/results/2._detector_sensitivity/H1L1V1-PLOT_SPECTRUM-1186740100-3400.png pool="local"
H1L1V1-PLOT_RANGE_SUMM-1186740100-3400.png /home/kkacanja/pycbc/examples/search/output_shared/results/2._detector_sensitivity/H1L1V1-PLOT_RANGE_SUMM-1186740100-3400.png pool="local"
H1L1V1-PLOT_SEGMENTS_TRIGGERS_GENERATED-1186740100-3400.html /home/kkacanja/pycbc/examples/search/output_shared/results/1._analysis_time/1.02_segments/H1L1V1-PLOT_SEGMENTS_TRIGGERS_GENERATED-1186740100-3400.html pool="local"
H1L1V1-PLOT_GATING_FULL_DATA-1186740100-3400.html /home/kkacanja/pycbc/examples/search/output_shared/results/1._analysis_time/1.03_gating/H1L1V1-PLOT_GATING_FULL_DATA-1186740100-3400.html pool="local"
H1L1V1-PAGE_SEGTABLE_SUMMARY-1186740100-3400.html /home/kkacanja/pycbc/examples/search/output_shared/results/1._analysis_time/1.02_segments/H1L1V1-PAGE_SEGTABLE_SUMMARY-1186740100-3400.html pool="local"
H1L1V1-PAGE_SEGPLOT_SUMMARY-1186740100-3400.html /home/kkacanja/pycbc/examples/search/output_shared/results/1._analysis_time/1.02_segments/H1L1V1-PAGE_SEGPLOT_SUMMARY-1186740100-3400.html pool="local"
H1L1V1-PAGE_SEGTABLE_VETO_SUMMARY-1186740100-3400.html /home/kkacanja/pycbc/examples/search/output_shared/results/1._analysis_time/1.02_segments/H1L1V1-PAGE_SEGTABLE_VETO_SUMMARY-1186740100-3400.html pool="local"
H1-PLOT_SNRCHI_FULL_DATA-1186740100-3400.png /home/kkacanja/pycbc/examples/search/output_shared/results/4._single_triggers/H1-PLOT_SNRCHI_FULL_DATA-1186740100-3400.png pool="local"
L1-PLOT_SNRCHI_FULL_DATA-1186740100-3400.png /home/kkacanja/pycbc/examples/search/output_shared/results/4._single_triggers/L1-PLOT_SNRCHI_FULL_DATA-1186740100-3400.png pool="local"
V1-PLOT_SNRCHI_FULL_DATA-1186740100-3400.png /home/kkacanja/pycbc/examples/search/output_shared/results/4._single_triggers/V1-PLOT_SNRCHI_FULL_DATA-1186740100-3400.png pool="local"
H1-PLOT_SINGLES_MTOTAL_ETA_NEWSNR_FULL_DATA-1186740100-3400.png /home/kkacanja/pycbc/examples/search/output_shared/results/4._single_triggers/4.01_H1_binned_triggers/H1-PLOT_SINGLES_MTOTAL_ETA_NEWSNR_FULL_DATA-1186740100-3400.png pool="local"
H1-PLOT_HIST_SUMM_SNR_FULL_DATA-1186740100-3400.png /home/kkacanja/pycbc/examples/search/output_shared/results/4._single_triggers/4.02_H1_trigger_histograms/H1-PLOT_HIST_SUMM_SNR_FULL_DATA-1186740100-3400.png pool="local"
H1-PLOT_HIST_SUMM_NEWSNR_FULL_DATA-1186740100-3400.png /home/kkacanja/pycbc/examples/search/output_shared/results/4._single_triggers/4.02_H1_trigger_histograms/H1-PLOT_HIST_SUMM_NEWSNR_FULL_DATA-1186740100-3400.png pool="local"
H1-PLOT_BINNEDHIST_MTOTAL_FULL_DATA-1186740100-3400.png /home/kkacanja/pycbc/examples/search/output_shared/results/4._single_triggers/4.03_H1_binned_histograms/H1-PLOT_BINNEDHIST_MTOTAL_FULL_DATA-1186740100-3400.png pool="local"
L1-PLOT_SINGLES_MTOTAL_ETA_NEWSNR_FULL_DATA-1186740100-3400.png /home/kkacanja/pycbc/examples/search/output_shared/results/4._single_triggers/4.04_L1_binned_triggers/L1-PLOT_SINGLES_MTOTAL_ETA_NEWSNR_FULL_DATA-1186740100-3400.png pool="local"
L1-PLOT_HIST_SUMM_SNR_FULL_DATA-1186740100-3400.png /home/kkacanja/pycbc/examples/search/output_shared/results/4._single_triggers/4.05_L1_trigger_histograms/L1-PLOT_HIST_SUMM_SNR_FULL_DATA-1186740100-3400.png pool="local"
L1-PLOT_HIST_SUMM_NEWSNR_FULL_DATA-1186740100-3400.png /home/kkacanja/pycbc/examples/search/output_shared/results/4._single_triggers/4.05_L1_trigger_histograms/L1-PLOT_HIST_SUMM_NEWSNR_FULL_DATA-1186740100-3400.png pool="local"
L1-PLOT_BINNEDHIST_MTOTAL_FULL_DATA-1186740100-3400.png /home/kkacanja/pycbc/examples/search/output_shared/results/4._single_triggers/4.06_L1_binned_histograms/L1-PLOT_BINNEDHIST_MTOTAL_FULL_DATA-1186740100-3400.png pool="local"
V1-PLOT_SINGLES_MTOTAL_ETA_NEWSNR_FULL_DATA-1186740100-3400.png /home/kkacanja/pycbc/examples/search/output_shared/results/4._single_triggers/4.07_V1_binned_triggers/V1-PLOT_SINGLES_MTOTAL_ETA_NEWSNR_FULL_DATA-1186740100-3400.png pool="local"
V1-PLOT_HIST_SUMM_SNR_FULL_DATA-1186740100-3400.png /home/kkacanja/pycbc/examples/search/output_shared/results/4._single_triggers/4.08_V1_trigger_histograms/V1-PLOT_HIST_SUMM_SNR_FULL_DATA-1186740100-3400.png pool="local"
V1-PLOT_HIST_SUMM_NEWSNR_FULL_DATA-1186740100-3400.png /home/kkacanja/pycbc/examples/search/output_shared/results/4._single_triggers/4.08_V1_trigger_histograms/V1-PLOT_HIST_SUMM_NEWSNR_FULL_DATA-1186740100-3400.png pool="local"
V1-PLOT_BINNEDHIST_MTOTAL_FULL_DATA-1186740100-3400.png /home/kkacanja/pycbc/examples/search/output_shared/results/4._single_triggers/4.09_V1_binned_histograms/V1-PLOT_BINNEDHIST_MTOTAL_FULL_DATA-1186740100-3400.png pool="local"
H1L1V1-PLOT_THROUGHPUT_FULL_DATA-1186740100-3400.png /home/kkacanja/pycbc/examples/search/output_shared/results/9._workflow/9.01_throughput/H1L1V1-PLOT_THROUGHPUT_FULL_DATA-1186740100-3400.png pool="local"
H1-SINGLES_MINIFOLLOWUP_FULL_DATA_NONCOINC-1186740100-3400.dax /home/kkacanja/pycbc/examples/search/output_shared/daxes/H1-SINGLES_MINIFOLLOWUP_FULL_DATA_NONCOINC-1186740100-3400.dax pool="local"
H1-SINGLES_MINIFOLLOWUP_FULL_DATA_NONCOINC-1186740100-3400.dax.map /home/kkacanja/pycbc/examples/search/output_shared/daxes/H1-SINGLES_MINIFOLLOWUP_FULL_DATA_NONCOINC-1186740100-3400.dax.map pool="local"
H1-SINGLES_MINIFOLLOWUP_FULL_DATA_ALL-1186740100-3400.dax /home/kkacanja/pycbc/examples/search/output_shared/daxes/H1-SINGLES_MINIFOLLOWUP_FULL_DATA_ALL-1186740100-3400.dax pool="local"
H1-SINGLES_MINIFOLLOWUP_FULL_DATA_ALL-1186740100-3400.dax.map /home/kkacanja/pycbc/examples/search/output_shared/daxes/H1-SINGLES_MINIFOLLOWUP_FULL_DATA_ALL-1186740100-3400.dax.map pool="local"
L1-SINGLES_MINIFOLLOWUP_FULL_DATA_NONCOINC-1186740100-3400.dax /home/kkacanja/pycbc/examples/search/output_shared/daxes/L1-SINGLES_MINIFOLLOWUP_FULL_DATA_NONCOINC-1186740100-3400.dax pool="local"
L1-SINGLES_MINIFOLLOWUP_FULL_DATA_NONCOINC-1186740100-3400.dax.map /home/kkacanja/pycbc/examples/search/output_shared/daxes/L1-SINGLES_MINIFOLLOWUP_FULL_DATA_NONCOINC-1186740100-3400.dax.map pool="local"
L1-SINGLES_MINIFOLLOWUP_FULL_DATA_ALL-1186740100-3400.dax /home/kkacanja/pycbc/examples/search/output_shared/daxes/L1-SINGLES_MINIFOLLOWUP_FULL_DATA_ALL-1186740100-3400.dax pool="local"
L1-SINGLES_MINIFOLLOWUP_FULL_DATA_ALL-1186740100-3400.dax.map /home/kkacanja/pycbc/examples/search/output_shared/daxes/L1-SINGLES_MINIFOLLOWUP_FULL_DATA_ALL-1186740100-3400.dax.map pool="local"
V1-SINGLES_MINIFOLLOWUP_FULL_DATA_NONCOINC-1186740100-3400.dax /home/kkacanja/pycbc/examples/search/output_shared/daxes/V1-SINGLES_MINIFOLLOWUP_FULL_DATA_NONCOINC-1186740100-3400.dax pool="local"
V1-SINGLES_MINIFOLLOWUP_FULL_DATA_NONCOINC-1186740100-3400.dax.map /home/kkacanja/pycbc/examples/search/output_shared/daxes/V1-SINGLES_MINIFOLLOWUP_FULL_DATA_NONCOINC-1186740100-3400.dax.map pool="local"
V1-SINGLES_MINIFOLLOWUP_FULL_DATA_ALL-1186740100-3400.dax /home/kkacanja/pycbc/examples/search/output_shared/daxes/V1-SINGLES_MINIFOLLOWUP_FULL_DATA_ALL-1186740100-3400.dax pool="local"
V1-SINGLES_MINIFOLLOWUP_FULL_DATA_ALL-1186740100-3400.dax.map /home/kkacanja/pycbc/examples/search/output_shared/daxes/V1-SINGLES_MINIFOLLOWUP_FULL_DATA_ALL-1186740100-3400.dax.map pool="local"
H1L1V1-PAGE_IFAR_CATALOG_FULL_DATA_OPEN_BOX-1186740100-3400.png /home/kkacanja/pycbc/examples/search/output_shared/results/8._open_box_result/H1L1V1-PAGE_IFAR_CATALOG_FULL_DATA_OPEN_BOX-1186740100-3400.png pool="local"
H1L1V1-PAGE_FOREGROUND_FULL_DATA-1186740100-3400.html /home/kkacanja/pycbc/examples/search/output_shared/results/8._open_box_result/H1L1V1-PAGE_FOREGROUND_FULL_DATA-1186740100-3400.html pool="local"
H1L1V1-PAGE_FOREGROUND_XMLALL-1186740100-3400.xml /home/kkacanja/pycbc/examples/search/output_shared/results/8._open_box_result/H1L1V1-PAGE_FOREGROUND_XMLALL-1186740100-3400.xml pool="local"
H1L1V1-PAGE_FOREGROUND_XMLLOUDEST-1186740100-3400.xml /home/kkacanja/pycbc/examples/search/output_shared/results/8._open_box_result/H1L1V1-PAGE_FOREGROUND_XMLLOUDEST-1186740100-3400.xml pool="local"
H1L1V1-FOREGROUND_MINIFOLLOWUP_FULL_DATA_FOREGROUND-1186740100-3400.dax /home/kkacanja/pycbc/examples/search/output_shared/daxes/H1L1V1-FOREGROUND_MINIFOLLOWUP_FULL_DATA_FOREGROUND-1186740100-3400.dax pool="local"
H1L1V1-FOREGROUND_MINIFOLLOWUP_FULL_DATA_FOREGROUND-1186740100-3400.dax.map /home/kkacanja/pycbc/examples/search/output_shared/daxes/H1L1V1-FOREGROUND_MINIFOLLOWUP_FULL_DATA_FOREGROUND-1186740100-3400.dax.map pool="local"
H1L1V1-FOREGROUND_MINIFOLLOWUP_FULL_DATA_BACKGROUND-1186740100-3400.dax /home/kkacanja/pycbc/examples/search/output_shared/daxes/H1L1V1-FOREGROUND_MINIFOLLOWUP_FULL_DATA_BACKGROUND-1186740100-3400.dax pool="local"
H1L1V1-FOREGROUND_MINIFOLLOWUP_FULL_DATA_BACKGROUND-1186740100-3400.dax.map /home/kkacanja/pycbc/examples/search/output_shared/daxes/H1L1V1-FOREGROUND_MINIFOLLOWUP_FULL_DATA_BACKGROUND-1186740100-3400.dax.map pool="local"
L1V1-PLOT_SNRIFAR_FULL_DATA_2DET-1186740100-3400.png /home/kkacanja/pycbc/examples/search/output_shared/results/8._open_box_result/8.03_L1V1_candidates/L1V1-PLOT_SNRIFAR_FULL_DATA_2DET-1186740100-3400.png pool="local"
L1V1-PLOT_SNRIFAR_FULL_DATA_2DET_CLOSED-1186740100-3400.png /home/kkacanja/pycbc/examples/search/output_shared/results/5._background_triggers/5.02_L1V1_background/L1V1-PLOT_SNRIFAR_FULL_DATA_2DET_CLOSED-1186740100-3400.png pool="local"
L1V1-PLOT_SNRRATEHIST_FULL_DATA_2DET-1186740100-3400.png /home/kkacanja/pycbc/examples/search/output_shared/results/8._open_box_result/8.03_L1V1_candidates/L1V1-PLOT_SNRRATEHIST_FULL_DATA_2DET-1186740100-3400.png pool="local"
L1V1-PLOT_SNRIFAR_FULL_DATA_2DET_IFAR-1186740100-3400.png /home/kkacanja/pycbc/examples/search/output_shared/results/8._open_box_result/8.03_L1V1_candidates/L1V1-PLOT_SNRIFAR_FULL_DATA_2DET_IFAR-1186740100-3400.png pool="local"
L1V1-PAGE_IFAR_FULL_DATA_2DET_OPEN_BOX-1186740100-3400.png /home/kkacanja/pycbc/examples/search/output_shared/results/8._open_box_result/8.03_L1V1_candidates/L1V1-PAGE_IFAR_FULL_DATA_2DET_OPEN_BOX-1186740100-3400.png pool="local"
L1V1-PAGE_IFAR_FULL_DATA_2DET_CLOSED_BOX-1186740100-3400.png /home/kkacanja/pycbc/examples/search/output_shared/results/5._background_triggers/5.02_L1V1_background/L1V1-PAGE_IFAR_FULL_DATA_2DET_CLOSED_BOX-1186740100-3400.png pool="local"
L1V1-PAGE_FOREGROUND_FULL_DATA_2DET-1186740100-3400.html /home/kkacanja/pycbc/examples/search/output_shared/results/8._open_box_result/8.03_L1V1_candidates/L1V1-PAGE_FOREGROUND_FULL_DATA_2DET-1186740100-3400.html pool="local"
H1V1-PLOT_SNRIFAR_FULL_DATA_2DET-1186740100-3400.png /home/kkacanja/pycbc/examples/search/output_shared/results/8._open_box_result/8.04_H1V1_candidates/H1V1-PLOT_SNRIFAR_FULL_DATA_2DET-1186740100-3400.png pool="local"
H1V1-PLOT_SNRIFAR_FULL_DATA_2DET_CLOSED-1186740100-3400.png /home/kkacanja/pycbc/examples/search/output_shared/results/5._background_triggers/5.03_H1V1_background/H1V1-PLOT_SNRIFAR_FULL_DATA_2DET_CLOSED-1186740100-3400.png pool="local"
H1V1-PLOT_SNRRATEHIST_FULL_DATA_2DET-1186740100-3400.png /home/kkacanja/pycbc/examples/search/output_shared/results/8._open_box_result/8.04_H1V1_candidates/H1V1-PLOT_SNRRATEHIST_FULL_DATA_2DET-1186740100-3400.png pool="local"
H1V1-PLOT_SNRIFAR_FULL_DATA_2DET_IFAR-1186740100-3400.png /home/kkacanja/pycbc/examples/search/output_shared/results/8._open_box_result/8.04_H1V1_candidates/H1V1-PLOT_SNRIFAR_FULL_DATA_2DET_IFAR-1186740100-3400.png pool="local"
H1V1-PAGE_IFAR_FULL_DATA_2DET_OPEN_BOX-1186740100-3400.png /home/kkacanja/pycbc/examples/search/output_shared/results/8._open_box_result/8.04_H1V1_candidates/H1V1-PAGE_IFAR_FULL_DATA_2DET_OPEN_BOX-1186740100-3400.png pool="local"
H1V1-PAGE_IFAR_FULL_DATA_2DET_CLOSED_BOX-1186740100-3400.png /home/kkacanja/pycbc/examples/search/output_shared/results/5._background_triggers/5.03_H1V1_background/H1V1-PAGE_IFAR_FULL_DATA_2DET_CLOSED_BOX-1186740100-3400.png pool="local"
H1V1-PAGE_FOREGROUND_FULL_DATA_2DET-1186740100-3400.html /home/kkacanja/pycbc/examples/search/output_shared/results/8._open_box_result/8.04_H1V1_candidates/H1V1-PAGE_FOREGROUND_FULL_DATA_2DET-1186740100-3400.html pool="local"
H1L1-PLOT_SNRIFAR_FULL_DATA_2DET-1186740100-3400.png /home/kkacanja/pycbc/examples/search/output_shared/results/8._open_box_result/8.05_H1L1_candidates/H1L1-PLOT_SNRIFAR_FULL_DATA_2DET-1186740100-3400.png pool="local"
H1L1-PLOT_SNRIFAR_FULL_DATA_2DET_CLOSED-1186740100-3400.png /home/kkacanja/pycbc/examples/search/output_shared/results/5._background_triggers/5.04_H1L1_background/H1L1-PLOT_SNRIFAR_FULL_DATA_2DET_CLOSED-1186740100-3400.png pool="local"
H1L1-PLOT_SNRRATEHIST_FULL_DATA_2DET-1186740100-3400.png /home/kkacanja/pycbc/examples/search/output_shared/results/8._open_box_result/8.05_H1L1_candidates/H1L1-PLOT_SNRRATEHIST_FULL_DATA_2DET-1186740100-3400.png pool="local"
H1L1-PLOT_SNRIFAR_FULL_DATA_2DET_IFAR-1186740100-3400.png /home/kkacanja/pycbc/examples/search/output_shared/results/8._open_box_result/8.05_H1L1_candidates/H1L1-PLOT_SNRIFAR_FULL_DATA_2DET_IFAR-1186740100-3400.png pool="local"
H1L1-PAGE_IFAR_FULL_DATA_2DET_OPEN_BOX-1186740100-3400.png /home/kkacanja/pycbc/examples/search/output_shared/results/8._open_box_result/8.05_H1L1_candidates/H1L1-PAGE_IFAR_FULL_DATA_2DET_OPEN_BOX-1186740100-3400.png pool="local"
H1L1-PAGE_IFAR_FULL_DATA_2DET_CLOSED_BOX-1186740100-3400.png /home/kkacanja/pycbc/examples/search/output_shared/results/5._background_triggers/5.04_H1L1_background/H1L1-PAGE_IFAR_FULL_DATA_2DET_CLOSED_BOX-1186740100-3400.png pool="local"
H1L1-PAGE_FOREGROUND_FULL_DATA_2DET-1186740100-3400.html /home/kkacanja/pycbc/examples/search/output_shared/results/8._open_box_result/8.05_H1L1_candidates/H1L1-PAGE_FOREGROUND_FULL_DATA_2DET-1186740100-3400.html pool="local"
H1L1V1-PLOT_SNRIFAR_FULL_DATA_3DET-1186740100-3400.png /home/kkacanja/pycbc/examples/search/output_shared/results/8._open_box_result/8.06_H1L1V1_candidates/H1L1V1-PLOT_SNRIFAR_FULL_DATA_3DET-1186740100-3400.png pool="local"
H1L1V1-PLOT_SNRIFAR_FULL_DATA_3DET_CLOSED-1186740100-3400.png /home/kkacanja/pycbc/examples/search/output_shared/results/5._background_triggers/5.05_H1L1V1_background/H1L1V1-PLOT_SNRIFAR_FULL_DATA_3DET_CLOSED-1186740100-3400.png pool="local"
H1L1V1-PLOT_SNRRATEHIST_FULL_DATA_3DET-1186740100-3400.png /home/kkacanja/pycbc/examples/search/output_shared/results/8._open_box_result/8.06_H1L1V1_candidates/H1L1V1-PLOT_SNRRATEHIST_FULL_DATA_3DET-1186740100-3400.png pool="local"
H1L1V1-PLOT_SNRIFAR_FULL_DATA_3DET_IFAR-1186740100-3400.png /home/kkacanja/pycbc/examples/search/output_shared/results/8._open_box_result/8.06_H1L1V1_candidates/H1L1V1-PLOT_SNRIFAR_FULL_DATA_3DET_IFAR-1186740100-3400.png pool="local"
H1L1V1-PAGE_IFAR_FULL_DATA_3DET_OPEN_BOX-1186740100-3400.png /home/kkacanja/pycbc/examples/search/output_shared/results/8._open_box_result/8.06_H1L1V1_candidates/H1L1V1-PAGE_IFAR_FULL_DATA_3DET_OPEN_BOX-1186740100-3400.png pool="local"
H1L1V1-PAGE_IFAR_FULL_DATA_3DET_CLOSED_BOX-1186740100-3400.png /home/kkacanja/pycbc/examples/search/output_shared/results/5._background_triggers/5.05_H1L1V1_background/H1L1V1-PAGE_IFAR_FULL_DATA_3DET_CLOSED_BOX-1186740100-3400.png pool="local"
H1L1V1-PAGE_FOREGROUND_FULL_DATA_3DET-1186740100-3400.html /home/kkacanja/pycbc/examples/search/output_shared/results/8._open_box_result/8.06_H1L1V1_candidates/H1L1V1-PAGE_FOREGROUND_FULL_DATA_3DET-1186740100-3400.html pool="local"
V1-PLOT_SNRIFAR_FULL_DATA_1DET-1186740100-3400.png /home/kkacanja/pycbc/examples/search/output_shared/results/8._open_box_result/8.07_V1_candidates/V1-PLOT_SNRIFAR_FULL_DATA_1DET-1186740100-3400.png pool="local"
V1-PLOT_SNRIFAR_FULL_DATA_1DET_CLOSED-1186740100-3400.png /home/kkacanja/pycbc/examples/search/output_shared/results/5._background_triggers/5.06_V1_background/V1-PLOT_SNRIFAR_FULL_DATA_1DET_CLOSED-1186740100-3400.png pool="local"
V1-PLOT_SNRRATEHIST_FULL_DATA_1DET-1186740100-3400.png /home/kkacanja/pycbc/examples/search/output_shared/results/8._open_box_result/8.07_V1_candidates/V1-PLOT_SNRRATEHIST_FULL_DATA_1DET-1186740100-3400.png pool="local"
V1-PLOT_SNRIFAR_FULL_DATA_1DET_IFAR-1186740100-3400.png /home/kkacanja/pycbc/examples/search/output_shared/results/8._open_box_result/8.07_V1_candidates/V1-PLOT_SNRIFAR_FULL_DATA_1DET_IFAR-1186740100-3400.png pool="local"
V1-PAGE_IFAR_FULL_DATA_1DET_OPEN_BOX-1186740100-3400.png /home/kkacanja/pycbc/examples/search/output_shared/results/8._open_box_result/8.07_V1_candidates/V1-PAGE_IFAR_FULL_DATA_1DET_OPEN_BOX-1186740100-3400.png pool="local"
V1-PAGE_FOREGROUND_FULL_DATA_1DET-1186740100-3400.html /home/kkacanja/pycbc/examples/search/output_shared/results/8._open_box_result/8.07_V1_candidates/V1-PAGE_FOREGROUND_FULL_DATA_1DET-1186740100-3400.html pool="local"
L1-PLOT_SNRIFAR_FULL_DATA_1DET-1186740100-3400.png /home/kkacanja/pycbc/examples/search/output_shared/results/8._open_box_result/8.08_L1_candidates/L1-PLOT_SNRIFAR_FULL_DATA_1DET-1186740100-3400.png pool="local"
L1-PLOT_SNRIFAR_FULL_DATA_1DET_CLOSED-1186740100-3400.png /home/kkacanja/pycbc/examples/search/output_shared/results/5._background_triggers/5.07_L1_background/L1-PLOT_SNRIFAR_FULL_DATA_1DET_CLOSED-1186740100-3400.png pool="local"
L1-PLOT_SNRRATEHIST_FULL_DATA_1DET-1186740100-3400.png /home/kkacanja/pycbc/examples/search/output_shared/results/8._open_box_result/8.08_L1_candidates/L1-PLOT_SNRRATEHIST_FULL_DATA_1DET-1186740100-3400.png pool="local"
L1-PLOT_SNRIFAR_FULL_DATA_1DET_IFAR-1186740100-3400.png /home/kkacanja/pycbc/examples/search/output_shared/results/8._open_box_result/8.08_L1_candidates/L1-PLOT_SNRIFAR_FULL_DATA_1DET_IFAR-1186740100-3400.png pool="local"
L1-PAGE_IFAR_FULL_DATA_1DET_OPEN_BOX-1186740100-3400.png /home/kkacanja/pycbc/examples/search/output_shared/results/8._open_box_result/8.08_L1_candidates/L1-PAGE_IFAR_FULL_DATA_1DET_OPEN_BOX-1186740100-3400.png pool="local"
L1-PAGE_FOREGROUND_FULL_DATA_1DET-1186740100-3400.html /home/kkacanja/pycbc/examples/search/output_shared/results/8._open_box_result/8.08_L1_candidates/L1-PAGE_FOREGROUND_FULL_DATA_1DET-1186740100-3400.html pool="local"
H1-PLOT_SNRIFAR_FULL_DATA_1DET-1186740100-3400.png /home/kkacanja/pycbc/examples/search/output_shared/results/8._open_box_result/8.09_H1_candidates/H1-PLOT_SNRIFAR_FULL_DATA_1DET-1186740100-3400.png pool="local"
H1-PLOT_SNRIFAR_FULL_DATA_1DET_CLOSED-1186740100-3400.png /home/kkacanja/pycbc/examples/search/output_shared/results/5._background_triggers/5.08_H1_background/H1-PLOT_SNRIFAR_FULL_DATA_1DET_CLOSED-1186740100-3400.png pool="local"
H1-PLOT_SNRRATEHIST_FULL_DATA_1DET-1186740100-3400.png /home/kkacanja/pycbc/examples/search/output_shared/results/8._open_box_result/8.09_H1_candidates/H1-PLOT_SNRRATEHIST_FULL_DATA_1DET-1186740100-3400.png pool="local"
H1-PLOT_SNRIFAR_FULL_DATA_1DET_IFAR-1186740100-3400.png /home/kkacanja/pycbc/examples/search/output_shared/results/8._open_box_result/8.09_H1_candidates/H1-PLOT_SNRIFAR_FULL_DATA_1DET_IFAR-1186740100-3400.png pool="local"
H1-PAGE_IFAR_FULL_DATA_1DET_OPEN_BOX-1186740100-3400.png /home/kkacanja/pycbc/examples/search/output_shared/results/8._open_box_result/8.09_H1_candidates/H1-PAGE_IFAR_FULL_DATA_1DET_OPEN_BOX-1186740100-3400.png pool="local"
H1-PAGE_FOREGROUND_FULL_DATA_1DET-1186740100-3400.html /home/kkacanja/pycbc/examples/search/output_shared/results/8._open_box_result/8.09_H1_candidates/H1-PAGE_FOREGROUND_FULL_DATA_1DET-1186740100-3400.html pool="local"
HL-INJECTIONS_BBH-1186740100-3400.xml /home/kkacanja/pycbc/examples/search/output_shared/inj_files/HL-INJECTIONS_BBH-1186740100-3400.xml pool="local"
H1L1V1-INJ2HDF_BBH-1186740100-3400.hdf /home/kkacanja/pycbc/examples/search/output_shared/inj_files/H1L1V1-INJ2HDF_BBH-1186740100-3400.hdf pool="local"
H1L1V1-OPTIMAL_SNR_MERGE_BBH_INJECTIONS-1186740100-3400.hdf /home/kkacanja/pycbc/examples/search/output_shared/inj_files/H1L1V1-OPTIMAL_SNR_MERGE_BBH_INJECTIONS-1186740100-3400.hdf pool="local"
H1-HDF_TRIGGER_MERGE_BBH_INJECTIONS-1186740100-3400.hdf /home/kkacanja/pycbc/examples/search/output_shared/BBH_coinc/H1-HDF_TRIGGER_MERGE_BBH_INJECTIONS-1186740100-3400.hdf pool="local"
L1-HDF_TRIGGER_MERGE_BBH_INJECTIONS-1186740100-3400.hdf /home/kkacanja/pycbc/examples/search/output_shared/BBH_coinc/L1-HDF_TRIGGER_MERGE_BBH_INJECTIONS-1186740100-3400.hdf pool="local"
V1-HDF_TRIGGER_MERGE_BBH_INJECTIONS-1186740100-3400.hdf /home/kkacanja/pycbc/examples/search/output_shared/BBH_coinc/V1-HDF_TRIGGER_MERGE_BBH_INJECTIONS-1186740100-3400.hdf pool="local"
L1V1-STATMAP_INJ_BBH_INJECTIONS_2DET_VETOES-1186740100-3400.hdf /home/kkacanja/pycbc/examples/search/output_shared/BBH_coinc/L1V1-STATMAP_INJ_BBH_INJECTIONS_2DET_VETOES-1186740100-3400.hdf pool="local"
H1V1-STATMAP_INJ_BBH_INJECTIONS_2DET_VETOES-1186740100-3400.hdf /home/kkacanja/pycbc/examples/search/output_shared/BBH_coinc/H1V1-STATMAP_INJ_BBH_INJECTIONS_2DET_VETOES-1186740100-3400.hdf pool="local"
H1L1-STATMAP_INJ_BBH_INJECTIONS_2DET_VETOES-1186740100-3400.hdf /home/kkacanja/pycbc/examples/search/output_shared/BBH_coinc/H1L1-STATMAP_INJ_BBH_INJECTIONS_2DET_VETOES-1186740100-3400.hdf pool="local"
H1L1V1-STATMAP_INJ_BBH_INJECTIONS_3DET_VETOES-1186740100-3400.hdf /home/kkacanja/pycbc/examples/search/output_shared/BBH_coinc/H1L1V1-STATMAP_INJ_BBH_INJECTIONS_3DET_VETOES-1186740100-3400.hdf pool="local"
V1-SNGLS_STATMAP_INJ_BBH_INJECTIONS_1DET-1186740100-3400.hdf /home/kkacanja/pycbc/examples/search/output_shared/BBH_coinc/V1-SNGLS_STATMAP_INJ_BBH_INJECTIONS_1DET-1186740100-3400.hdf pool="local"
L1-SNGLS_STATMAP_INJ_BBH_INJECTIONS_1DET-1186740100-3400.hdf /home/kkacanja/pycbc/examples/search/output_shared/BBH_coinc/L1-SNGLS_STATMAP_INJ_BBH_INJECTIONS_1DET-1186740100-3400.hdf pool="local"
H1-SNGLS_STATMAP_INJ_BBH_INJECTIONS_1DET-1186740100-3400.hdf /home/kkacanja/pycbc/examples/search/output_shared/BBH_coinc/H1-SNGLS_STATMAP_INJ_BBH_INJECTIONS_1DET-1186740100-3400.hdf pool="local"
H1L1V1-COMBINE_STATMAP_BBH_INJECTIONS-1186740100-3400.hdf /home/kkacanja/pycbc/examples/search/output_shared/BBH_coinc/H1L1V1-COMBINE_STATMAP_BBH_INJECTIONS-1186740100-3400.hdf pool="local"
H1L1V1-HDFINJFIND_BBH_INJECTIONS-1186740100-3400.hdf /home/kkacanja/pycbc/examples/search/output_shared/BBH_coinc/H1L1V1-HDFINJFIND_BBH_INJECTIONS-1186740100-3400.hdf pool="local"
H1L1V1-HDFINJFIND_ALL_INJECTIONS-1186740100-3400.hdf /home/kkacanja/pycbc/examples/search/output_shared/allinj/H1L1V1-HDFINJFIND_ALL_INJECTIONS-1186740100-3400.hdf pool="local"
H1L1V1-PLOT_FOUNDMISSED_SUB_MCHIRP_GRAD_BBH-1186740100-3400.png /home/kkacanja/pycbc/examples/search/output_shared/results/6._injections/6.01_BBH/H1L1V1-PLOT_FOUNDMISSED_SUB_MCHIRP_GRAD_BBH-1186740100-3400.png pool="local"
H1L1V1-PLOT_FOUNDMISSED_SUB_MCHIRP_GRADM_BBH-1186740100-3400.png /home/kkacanja/pycbc/examples/search/output_shared/results/6._injections/6.01_BBH/H1L1V1-PLOT_FOUNDMISSED_SUB_MCHIRP_GRADM_BBH-1186740100-3400.png pool="local"
H1L1V1-PAGE_INJECTIONS_BBH_FOUND-1186740100-3400.html /home/kkacanja/pycbc/examples/search/output_shared/results/6._injections/6.01_BBH/H1L1V1-PAGE_INJECTIONS_BBH_FOUND-1186740100-3400.html pool="local"
H1L1V1-PAGE_INJECTIONS_BBH_MISSED-1186740100-3400.html /home/kkacanja/pycbc/examples/search/output_shared/results/6._injections/6.01_BBH/H1L1V1-PAGE_INJECTIONS_BBH_MISSED-1186740100-3400.html pool="local"
V1-PLOT_COINC_SNRCHI_INJ_BBH_L1V1-1186740100-3400.png /home/kkacanja/pycbc/examples/search/output_shared/results/6._injections/6.01_BBH/V1-PLOT_COINC_SNRCHI_INJ_BBH_L1V1-1186740100-3400.png pool="local"
L1-PLOT_COINC_SNRCHI_INJ_BBH_L1V1-1186740100-3400.png /home/kkacanja/pycbc/examples/search/output_shared/results/6._injections/6.01_BBH/L1-PLOT_COINC_SNRCHI_INJ_BBH_L1V1-1186740100-3400.png pool="local"
V1-PLOT_COINC_SNRCHI_INJ_BBH_H1V1-1186740100-3400.png /home/kkacanja/pycbc/examples/search/output_shared/results/6._injections/6.01_BBH/V1-PLOT_COINC_SNRCHI_INJ_BBH_H1V1-1186740100-3400.png pool="local"
H1-PLOT_COINC_SNRCHI_INJ_BBH_H1V1-1186740100-3400.png /home/kkacanja/pycbc/examples/search/output_shared/results/6._injections/6.01_BBH/H1-PLOT_COINC_SNRCHI_INJ_BBH_H1V1-1186740100-3400.png pool="local"
L1-PLOT_COINC_SNRCHI_INJ_BBH_H1L1-1186740100-3400.png /home/kkacanja/pycbc/examples/search/output_shared/results/6._injections/6.01_BBH/L1-PLOT_COINC_SNRCHI_INJ_BBH_H1L1-1186740100-3400.png pool="local"
H1-PLOT_COINC_SNRCHI_INJ_BBH_H1L1-1186740100-3400.png /home/kkacanja/pycbc/examples/search/output_shared/results/6._injections/6.01_BBH/H1-PLOT_COINC_SNRCHI_INJ_BBH_H1L1-1186740100-3400.png pool="local"
V1-PLOT_COINC_SNRCHI_INJ_BBH_H1L1V1-1186740100-3400.png /home/kkacanja/pycbc/examples/search/output_shared/results/6._injections/6.01_BBH/V1-PLOT_COINC_SNRCHI_INJ_BBH_H1L1V1-1186740100-3400.png pool="local"
L1-PLOT_COINC_SNRCHI_INJ_BBH_H1L1V1-1186740100-3400.png /home/kkacanja/pycbc/examples/search/output_shared/results/6._injections/6.01_BBH/L1-PLOT_COINC_SNRCHI_INJ_BBH_H1L1V1-1186740100-3400.png pool="local"
H1-PLOT_COINC_SNRCHI_INJ_BBH_H1L1V1-1186740100-3400.png /home/kkacanja/pycbc/examples/search/output_shared/results/6._injections/6.01_BBH/H1-PLOT_COINC_SNRCHI_INJ_BBH_H1L1V1-1186740100-3400.png pool="local"
H1L1V1-INJECTION_MINIFOLLOWUP_BBH-1186740100-3400.dax /home/kkacanja/pycbc/examples/search/output_shared/daxes/H1L1V1-INJECTION_MINIFOLLOWUP_BBH-1186740100-3400.dax pool="local"
H1L1V1-INJECTION_MINIFOLLOWUP_BBH-1186740100-3400.dax.map /home/kkacanja/pycbc/examples/search/output_shared/daxes/H1L1V1-INJECTION_MINIFOLLOWUP_BBH-1186740100-3400.dax.map pool="local"
H1L1V1-PLOT_THROUGHPUT_BBH-1186740100-3400.png /home/kkacanja/pycbc/examples/search/output_shared/results/9._workflow/9.01_throughput/H1L1V1-PLOT_THROUGHPUT_BBH-1186740100-3400.png pool="local"
H1L1V1-PLOT_SENSITIVITY_ALL_MCHIRP-1186740100-3400.png /home/kkacanja/pycbc/examples/search/output_shared/results/7._search_sensitivity/H1L1V1-PLOT_SENSITIVITY_ALL_MCHIRP-1186740100-3400.png pool="local"
H1L1V1-PLOT_SENSITIVITY_ALL_MCHIRPVT-1186740100-3400.png /home/kkacanja/pycbc/examples/search/output_shared/results/7._search_sensitivity/H1L1V1-PLOT_SENSITIVITY_ALL_MCHIRPVT-1186740100-3400.png pool="local"
H1L1V1-PLOT_FOUNDMISSED_ALL_MCHIRP_GRAD-1186740100-3400.png /home/kkacanja/pycbc/examples/search/output_shared/results/6._injections/H1L1V1-PLOT_FOUNDMISSED_ALL_MCHIRP_GRAD-1186740100-3400.png pool="local"
H1L1V1-PLOT_FOUNDMISSED_ALL_MCHIRP_GRADM-1186740100-3400.png /home/kkacanja/pycbc/examples/search/output_shared/results/6._injections/H1L1V1-PLOT_FOUNDMISSED_ALL_MCHIRP_GRADM-1186740100-3400.png pool="local"
H1L1V1-PLOT_SENSITIVITY_SUMMARY_MCHIRP-1186740100-3400.png /home/kkacanja/pycbc/examples/search/output_shared/results/7._search_sensitivity/H1L1V1-PLOT_SENSITIVITY_SUMMARY_MCHIRP-1186740100-3400.png pool="local"
H1L1V1-PLOT_SENSITIVITY_SUMMARY_MCHIRPVT-1186740100-3400.png /home/kkacanja/pycbc/examples/search/output_shared/results/7._search_sensitivity/H1L1V1-PLOT_SENSITIVITY_SUMMARY_MCHIRPVT-1186740100-3400.png pool="local"
H1L1V1-PLOT_FOUNDMISSED_SUMMARY-1186740100-3400.png /home/kkacanja/pycbc/examples/search/output_shared/results/6._injections/H1L1V1-PLOT_FOUNDMISSED_SUMMARY-1186740100-3400.png pool="local"
H1L1V1-PLOT_FOUNDMISSED_SUMMARYM-1186740100-3400.png /home/kkacanja/pycbc/examples/search/output_shared/results/6._injections/H1L1V1-PLOT_FOUNDMISSED_SUMMARYM-1186740100-3400.png pool="local"
H1L1V1-PAGE_VERSIONING-1186740100-3400.html /home/kkacanja/pycbc/examples/search/output_shared/results/9._workflow/9.03_version/H1L1V1-PAGE_VERSIONING-1186740100-3400.html pool="local"
